Archive member included to satisfy reference by file (symbol)

c:/program files (x86)/gnu tools arm embedded/7 2017-q4-major/bin/../lib/gcc/arm-none-eabi/7.2.1/thumb/v7-m\libgcc.a(_aeabi_ldivmod.o)
                              rtos.o (__aeabi_ldivmod)
c:/program files (x86)/gnu tools arm embedded/7 2017-q4-major/bin/../lib/gcc/arm-none-eabi/7.2.1/thumb/v7-m\libgcc.a(_aeabi_uldivmod.o)
                              rtos.o (__aeabi_uldivmod)
c:/program files (x86)/gnu tools arm embedded/7 2017-q4-major/bin/../lib/gcc/arm-none-eabi/7.2.1/thumb/v7-m\libgcc.a(_udivmoddi4.o)
                              c:/program files (x86)/gnu tools arm embedded/7 2017-q4-major/bin/../lib/gcc/arm-none-eabi/7.2.1/thumb/v7-m\libgcc.a(_aeabi_ldivmod.o) (__udivmoddi4)
c:/program files (x86)/gnu tools arm embedded/7 2017-q4-major/bin/../lib/gcc/arm-none-eabi/7.2.1/thumb/v7-m\libgcc.a(_dvmd_tls.o)
                              c:/program files (x86)/gnu tools arm embedded/7 2017-q4-major/bin/../lib/gcc/arm-none-eabi/7.2.1/thumb/v7-m\libgcc.a(_aeabi_ldivmod.o) (__aeabi_ldiv0)

Allocating common symbols
Common symbol       size              file

__dso_handle        0x4               bmptk_cortex.o

Discarded input sections

 .data          0x00000000        0x0 switch_to.o
 .bss           0x00000000        0x0 switch_to.o
 .group         0x00000000        0xc coroutine.o
 .text          0x00000000        0x0 coroutine.o
 .data          0x00000000        0x0 coroutine.o
 .bss           0x00000000        0x0 coroutine.o
 .text._ZN3due11ad_pin_infoENS_7ad_pinsE
                0x00000000       0x1c coroutine.o
 .text._ZN3due11ad_seq_infoEm
                0x00000000       0x20 coroutine.o
 .text._ZN5hwlib19uart_char_availableEv
                0x00000000        0x4 coroutine.o
 .text._ZN5hwlib9uart_getcEv
                0x00000000        0x4 coroutine.o
 .rodata._ZZN3due11ad_pin_infoENS_7ad_pinsEE17ad_pin_info_array
                0x00000000        0xc coroutine.o
 .rodata._ZZN3due11ad_seq_infoEmE12ad_seq_array
                0x00000000       0x70 coroutine.o
 .group         0x00000000        0x8 rtos.o
 .group         0x00000000        0x8 rtos.o
 .group         0x00000000        0xc rtos.o
 .group         0x00000000        0xc rtos.o
 .group         0x00000000        0xc rtos.o
 .group         0x00000000        0xc rtos.o
 .group         0x00000000        0xc rtos.o
 .group         0x00000000        0xc rtos.o
 .group         0x00000000        0xc rtos.o
 .group         0x00000000        0xc rtos.o
 .group         0x00000000        0xc rtos.o
 .group         0x00000000        0xc rtos.o
 .group         0x00000000        0xc rtos.o
 .group         0x00000000        0xc rtos.o
 .text          0x00000000        0x0 rtos.o
 .data          0x00000000        0x0 rtos.o
 .bss           0x00000000        0x0 rtos.o
 .text._ZN6sam3xa10SystemInitEv
                0x00000000       0x7c rtos.o
 .text._ZN3due8pin_infoENS_4pinsE
                0x00000000       0x20 rtos.o
 .text._ZN3due11ad_pin_infoENS_7ad_pinsE
                0x00000000       0x1c rtos.o
 .text._ZN3due11ad_seq_infoEm
                0x00000000       0x20 rtos.o
 .text._ZN3due14port_registersEm
                0x00000000       0x54 rtos.o
 .text._ZN3due12ticks_per_usEv
                0x00000000        0x6 rtos.o
 .text._ZN3due9now_ticksEv
                0x00000000       0x80 rtos.o
 .text._ZN5hwlib9uart_putcEc
                0x00000000        0x4 rtos.o
 .text._ZN5hwlib19uart_char_availableEv
                0x00000000        0x4 rtos.o
 .text._ZN5hwlib9uart_getcEv
                0x00000000        0x4 rtos.o
 .text._ZNK4rtos5eventeqERKS0_
                0x00000000       0x3c rtos.o
 .text._ZNK4rtos5eventneERKS0_
                0x00000000       0x3c rtos.o
 .text._ZNK4rtos5eventeqERKNS_8waitableE
                0x00000000       0x1c rtos.o
 .text._ZNK4rtos5eventneERKNS_8waitableE
                0x00000000       0x1c rtos.o
 .text._ZNK4rtos5eventplERKS0_
                0x00000000       0x3c rtos.o
 .text._ZNK4rtos5event5printERN5hwlib7ostreamE
                0x00000000       0x30 rtos.o
 .text._ZN4rtos5timer3setEm
                0x00000000        0xe rtos.o
 .text._ZN4rtos5timer5startEm
                0x00000000        0xe rtos.o
 .text._ZN4rtos5clock7time_upEv
                0x00000000       0x38 rtos.o
 .text._ZThn16_N4rtos5clock7time_upEv
                0x00000000        0x8 rtos.o
 .text._ZN4rtos4flag3setEv
                0x00000000       0x10 rtos.o
 .text._ZN4rtos5clock5clearEv
                0x00000000        0x8 rtos.o
 .text._ZN4rtos5mutexD2Ev
                0x00000000       0x28 rtos.o
 .text._ZlsRN5hwlib7ostreamERKN4rtos9task_baseE
                0x00000000       0x12 rtos.o
 .text._ZlsRN5hwlib7ostreamERKN4rtos4flagE
                0x00000000       0x12 rtos.o
 .text._ZlsRN5hwlib7ostreamERKN4rtos5eventE
                0x00000000       0x10 rtos.o
 .text._ZlsRN5hwlib7ostreamERKN4rtos5timerE
                0x00000000       0x12 rtos.o
[...]
Memory Configuration

Name             Origin             Length             Attributes
rom              0x00000000         0x00080000         xr
ram              0x20000000         0x00018000         xrw
nul              0x20018000         0x00000000         xrw
*default*        0x00000000         0xffffffff

Linker script and memory map

LOAD c:/program files (x86)/gnu tools arm embedded/7 2017-q4-major/bin/../lib/gcc/arm-none-eabi/7.2.1/thumb/v7-m\libgcc.a
LOAD switch_to.o
LOAD coroutine.o
LOAD rtos.o
LOAD hwlib.o
LOAD main.o
LOAD bmptk_cortex.o
LOAD bmptk_heap_bmptk.o
LOAD bmptk_fixed_size_stack.o
LOAD c:/program files (x86)/gnu tools arm embedded/7 2017-q4-major/bin/../lib/gcc/arm-none-eabi/7.2.1/../../../../arm-none-eabi/lib/thumb/v7-m\libm.a
LOAD c:/program files (x86)/gnu tools arm embedded/7 2017-q4-major/bin/../lib/gcc/arm-none-eabi/7.2.1/thumb/v7-m\libgcc.a
LOAD c:/program files (x86)/gnu tools arm embedded/7 2017-q4-major/bin/../lib/gcc/arm-none-eabi/7.2.1/../../../../arm-none-eabi/lib/thumb/v7-m\libc.a
                0x00000000                __rom_start = ORIGIN (rom)
                0x00080000                __rom_size = LENGTH (rom)
                0x00080000                __rom_end = (__rom_start + __rom_size)
                0x20000000                __ram_start = ORIGIN (ram)
                0x00018000                __ram_size = LENGTH (ram)
                0x20018000                __ram_end = (__ram_start + __ram_size)
                [!provide]                PROVIDE (__rom_start, __rom_start)
                [!provide]                PROVIDE (__rom_size, __rom_size)
                [!provide]                PROVIDE (__rom_end, __rom_end)
                [!provide]                PROVIDE (__ram_start, __ram_start)
                [!provide]                PROVIDE (__ram_size, __ram_size)
                [!provide]                PROVIDE (__ram_end, __ram_end)

.text           0x00000000     0x32ec
                0x00000000                . = ALIGN (0x4)
                0x00000000                __text_start = .
                [!provide]                PROVIDE (__text_start, __text_start)
                0x00000000                . = ALIGN (0x4)
 *(.vectors)
 .vectors       0x00000000       0x20 bmptk_cortex.o
                0x00000000                __vectors
                0x00000020                . = ALIGN (0x4)
 *(.text .text.* .gnu.linkonce.t.*)
 .text          0x00000020       0x24 switch_to.o
                0x00000020                switch_from_to
 .text._ZN6sam3xa10SystemInitEv
                0x00000044       0x7c coroutine.o
                0x00000044                sam3xa::SystemInit()
 .text._ZN3due8pin_infoENS_4pinsE
                0x000000c0       0x20 coroutine.o
                0x000000c0                due::pin_info(due::pins)
 .text._ZN3due14port_registersEm
                0x000000e0       0x54 coroutine.o
                0x000000e0                due::port_registers(unsigned long)
 .text._ZN3due12ticks_per_usEv
                0x00000134        0x6 coroutine.o
                0x00000134                due::ticks_per_us()
 *fill*         0x0000013a        0x2 
 .text._ZN3due9now_ticksEv
                0x0000013c       0x80 coroutine.o
                0x0000013c                due::now_ticks()
 .text._ZN5hwlib9uart_putcEc
                0x000001bc        0x4 coroutine.o
                0x000001bc                hwlib::uart_putc(char)
 .text._ZN4rtos8callback6cancelEv
                0x000001c0        0xa rtos.o
                0x000001c0                rtos::callback::cancel()
 .text._ZN5hwlib7ostream7reverse10add_prefixERKS0_.part.2
                0x000001ca       0x4c rtos.o
 .text._ZN5hwlib7ostreamlsEc
                0x00000216        0xe rtos.o
                0x00000216                hwlib::ostream::operator<<(char)
 .text._ZN5hwliblsERNS_7ostreamEPKc
                0x00000224       0x66 rtos.o
                0x00000224                hwlib::operator<<(hwlib::ostream&, char const*)
 .text._ZN5hwliblsERNS_7ostreamEi
                0x0000028a       0x92 rtos.o
                0x0000028a                hwlib::operator<<(hwlib::ostream&, int)
 .text._ZN5hwliblsERNS_7ostreamEx
                0x0000031c       0xc4 rtos.o
                0x0000031c                hwlib::operator<<(hwlib::ostream&, long long)
 .text._ZN5hwliblsERNS_7ostreamEj
                0x000003e0        0xc rtos.o
                0x000003e0                hwlib::operator<<(hwlib::ostream&, unsigned int)
 .text._Z6strlenPKc
                0x000003ec       0x10 rtos.o
                0x000003ec                strlen(char const*)
 .text._Z6strcpyPcPKc
                0x000003fc       0x14 rtos.o
                0x000003fc                strcpy(char*, char const*)
 .text._Z15string_allocatePKc
                0x00000410       0x26 rtos.o
                0x00000410                string_allocate(char const*)
 .text._Z12nr_from_maskj
                0x00000436       0x1a rtos.o
                0x00000436                nr_from_mask(unsigned int)
 .text._Z15task_trampolinev
                0x00000450       0x34 rtos.o
                0x00000450                task_trampoline()
 .text._ZN4rtos9task_base7releaseEv
                0x00000484       0x24 rtos.o
                0x00000484                rtos::task_base::release()
 .text._ZN4rtos9task_base7suspendEv
                0x000004a8        0x8 rtos.o
                0x000004a8                rtos::task_base::suspend()
 .text._ZN4rtos9task_base6resumeEv
                0x000004b0        0x8 rtos.o
                0x000004b0                rtos::task_base::resume()
 .text._ZN4rtos9task_base7unblockEv
                0x000004b8       0x14 rtos.o
                0x000004b8                rtos::task_base::unblock()
 .text._ZN4rtos9task_base5blockEv
                0x000004cc       0x70 rtos.o
                0x000004cc                rtos::task_base::block()
 .text._ZNK4rtos9task_base5printERN5hwlib7ostreamEb
                0x0000053c      0x154 rtos.o
                0x0000053c                rtos::task_base::print(hwlib::ostream&, bool) const
 .text._ZNK4rtos4flag5printERN5hwlib7ostreamEb
                0x00000690       0xcc rtos.o
                0x00000690                rtos::flag::print(hwlib::ostream&, bool) const
 .text._ZNK4rtos5timer5printERN5hwlib7ostreamEb
                0x0000075c       0xd0 rtos.o
                0x0000075c                rtos::timer::print(hwlib::ostream&, bool) const
 .text._ZNK4rtos5clock5printERN5hwlib7ostreamEb
                0x0000082c       0xd4 rtos.o
                0x0000082c                rtos::clock::print(hwlib::ostream&, bool) const
 .text._ZN4rtos12waitable_set17waitable_allocateEv
                0x00000900       0x38 rtos.o
                0x00000900                rtos::waitable_set::waitable_allocate()
 .text._ZN4rtos8waitableC2EPNS_9task_baseEPKc
                0x00000938       0x2c rtos.o
                0x00000938                rtos::waitable::waitable(rtos::task_base*, char const*)
                0x00000938                rtos::waitable::waitable(rtos::task_base*, char const*)
 .text._ZN4rtos12waitable_set3setERKNS_8waitableE
                0x00000964       0x14 rtos.o
                0x00000964                rtos::waitable_set::set(rtos::waitable const&)
 .text._ZN4rtos5timer7time_upEv
                0x00000978       0x10 rtos.o
                0x00000978                rtos::timer::time_up()
                0x00000982                non-virtual thunk to rtos::timer::time_up()
 .text._ZN4rtos12waitable_set5clearERKNS_8waitableE
                0x00000988        0xc rtos.o
                0x00000988                rtos::waitable_set::clear(rtos::waitable const&)
 .text._ZN4rtos8waitable5clearEv
                0x00000994        0xa rtos.o
                0x00000994                rtos::waitable::clear()
 .text._ZN4rtos5timer6cancelEv
                0x0000099e       0x16 rtos.o
                0x0000099e                rtos::timer::cancel()
 .text._ZThn16_N4rtos5timer6cancelEv
                0x000009b4        0x8 rtos.o
                0x000009b4                non-virtual thunk to rtos::timer::cancel()
 .text._ZN4rtos12waitable_set4waitEj
                0x000009bc       0x64 rtos.o
                0x000009bc                rtos::waitable_set::wait(unsigned int)
 .text._ZN4rtos5mutex4waitEv
                0x00000a20       0x30 rtos.o
                0x00000a20                rtos::mutex::wait()
 .text._ZN4rtos5mutex6signalEv
                0x00000a50       0x50 rtos.o
                0x00000a50                rtos::mutex::signal()
 .text._ZNK4rtos5mutex5printERN5hwlib7ostreamEb
                0x00000aa0       0xec rtos.o
                0x00000aa0                rtos::mutex::print(hwlib::ostream&, bool) const
 .text._ZNK4rtos12channel_base5printERN5hwlib7ostreamEb
                0x00000b8c       0xe0 rtos.o
                0x00000b8c                rtos::channel_base::print(hwlib::ostream&, bool) const
 .text._ZNK4rtos9pool_base5printERN5hwlib7ostreamEb
                0x00000c6c       0x78 rtos.o
                0x00000c6c                rtos::pool_base::print(hwlib::ostream&, bool) const
 .text._ZNK4rtos12mailbox_base5printERN5hwlib7ostreamEb
                0x00000ce4       0xc4 rtos.o
                0x00000ce4                rtos::mailbox_base::print(hwlib::ostream&, bool) const
 .text._ZN4rtos3addEPNS_5timerE
                0x00000da8       0x10 rtos.o
                0x00000da8                rtos::add(rtos::timer*)
 .text._ZN4rtos3addEPNS_5mutexE
                0x00000db8       0x10 rtos.o
                0x00000db8                rtos::add(rtos::mutex*)
 .text._ZN4rtos5mutexC2EPKc
                0x00000dc8       0x1c rtos.o
                0x00000dc8                rtos::mutex::mutex(char const*)
                0x00000dc8                rtos::mutex::mutex(char const*)
 .text._ZN4rtos5printERN5hwlib7ostreamE
                0x00000de4      0x1b4 rtos.o
                0x00000de4                rtos::print(hwlib::ostream&)
 .text._ZN4rtos4beatEv
                0x00000f98      0x148 rtos.o
                0x00000f98                rtos::beat()
 .text._ZN4rtos3runEv
                0x000010e0       0x20 rtos.o
                0x000010e0                rtos::run()
 .text._ZN4rtos3addEPNS_8callbackE
                0x00001100       0x10 rtos.o
                0x00001100                rtos::add(rtos::callback*)
 .text._ZN4rtos8callbackC2EPKc
                0x00001110       0x28 rtos.o
                0x00001110                rtos::callback::callback(char const*)
                0x00001110                rtos::callback::callback(char const*)
 .text._ZN4rtos5timerC2EPNS_9task_baseEPKc
                0x00001138       0x34 rtos.o
                0x00001138                rtos::timer::timer(rtos::task_base*, char const*)
                0x00001138                rtos::timer::timer(rtos::task_base*, char const*)
 .text._ZN4rtos3addEPNS_9task_baseE
                0x0000116c       0x74 rtos.o
                0x0000116c                rtos::add(rtos::task_base*)
 .text._ZN4rtos9task_baseC2ER9coroutineILl0EEjPKc
                0x000011e0       0x4c rtos.o
                0x000011e0                rtos::task_base::task_base(coroutine<0l>&, unsigned int, char const*)
                0x000011e0                rtos::task_base::task_base(coroutine<0l>&, unsigned int, char const*)
 .text._ZN5hwlib7wait_usEi
                0x0000122c       0x3c rtos.o
                0x0000122c                hwlib::wait_us(int)
 .text._ZN5hwlib7wait_msEi
                0x00001268       0x16 rtos.o
                0x00001268                hwlib::wait_ms(int)
 .text._ZN5hwlib20cout_using_uart_putc5flushEv
                0x0000127e        0x2 hwlib.o
                0x0000127e                hwlib::cout_using_uart_putc::flush()
 .text._ZNK5hwlib9image_8x819read_implementationENS_2xyE
                0x00001280       0x44 hwlib.o
                0x00001280                hwlib::image_8x8::read_implementation(hwlib::xy) const
 .text._ZN5hwlib13window_part_t5flushEv
                0x000012c4        0x8 hwlib.o
                0x000012c4                hwlib::window_part_t::flush()
 .text._ZN5hwlib6window20clear_implementationENS_5colorE
                0x000012cc       0x72 hwlib.o
                0x000012cc                hwlib::window::clear_implementation(hwlib::color)
 .text._ZN5hwlib6window5clearENS_5colorE
                0x0000133e       0x56 hwlib.o
                0x0000133e                hwlib::window::clear(hwlib::color)
 .text._ZN5hwlib5panicEPKcj
                0x00001394        0x2 hwlib.o
                0x00001394                hwlib::panic(char const*, unsigned int)
 *fill*         0x00001396        0x2 
 .text._ZN5hwlib10background18do_background_workEv
                0x00001398       0x3c hwlib.o
                0x00001398                hwlib::background::do_background_work()
 .text._ZN5hwlib3allENS_2xyE
                0x000013d4       0x16 hwlib.o
                0x000013d4                hwlib::all(hwlib::xy)
 .text._ZNK5hwlib5colorngEv
                0x000013ea       0x2e hwlib.o
                0x000013ea                hwlib::color::operator-() const
 .text._ZNK5hwlib5image4readENS_2xyE
                0x00001418       0x3a hwlib.o
                0x00001418                hwlib::image::read(hwlib::xy) const
 .text._ZNK5hwlib14image_invert_t19read_implementationENS_2xyE
                0x00001452       0x64 hwlib.o
                0x00001452                hwlib::image_invert_t::read_implementation(hwlib::xy) const
 *fill*         0x000014b6        0x2 
 .text._ZN5hwlib6invertERKNS_5imageE
                0x000014b8       0x18 hwlib.o
                0x000014b8                hwlib::invert(hwlib::image const&)
 .text._ZN5hwlib6window5writeENS_2xyENS_5colorE
                0x000014d0       0x5c hwlib.o
                0x000014d0                hwlib::window::write(hwlib::xy, hwlib::color)
 .text._ZN5hwlib13window_part_t20write_implementationENS_2xyENS_5colorE
                0x0000152c       0x2e hwlib.o
                0x0000152c                hwlib::window_part_t::write_implementation(hwlib::xy, hwlib::color)
 *fill*         0x0000155a        0x2 
 .text._ZN5hwlib4partERNS_6windowENS_2xyES2_
                0x0000155c       0x5c hwlib.o
                0x0000155c                hwlib::part(hwlib::window&, hwlib::xy, hwlib::xy)
 .text._ZN3due9uart_initEv
                0x000015b8       0x60 hwlib.o
                0x000015b8                due::uart_init()
 .text._ZN3due9uart_putcEc
                0x00001618       0x20 hwlib.o
                0x00001618                due::uart_putc(char)
 .text._ZN5hwlib20cout_using_uart_putc4putcEc
                0x00001638        0xa hwlib.o
                0x00001638                hwlib::cout_using_uart_putc::putc(char)
 .text._ZN5hwlib6now_usEv
                0x00001642       0x1c hwlib.o
                0x00001642                hwlib::now_us()
 .text._ZN5hwlib12wait_us_busyEi
                0x0000165e       0x1c hwlib.o
                0x0000165e                hwlib::wait_us_busy(int)
 .text._ZN5hwlib8terminal10cursor_setENS_2xyE
                0x0000167a       0x28 main.o
                0x0000167a                hwlib::terminal::cursor_set(hwlib::xy)
 .text._ZN5hwlib14i2c_primitives8read_ackEv
                0x000016a2       0x10 main.o
                0x000016a2                hwlib::i2c_primitives::read_ack()
 .text._ZN5hwlib14i2c_primitives9write_ackEv
                0x000016b2        0x8 main.o
                0x000016b2                hwlib::i2c_primitives::write_ack()
 .text._ZN5hwlib14i2c_primitives10write_nackEv
                0x000016ba        0x8 main.o
                0x000016ba                hwlib::i2c_primitives::write_nack()
 .text._ZN5hwlib14i2c_primitives5writeEh
                0x000016c2       0x1c main.o
                0x000016c2                hwlib::i2c_primitives::write(unsigned char)
 .text._ZN5hwlib14i2c_primitives5writeEPKhj
                0x000016de       0x24 main.o
                0x000016de                hwlib::i2c_primitives::write(unsigned char const*, unsigned int)
 .text._ZN5hwlib14i2c_primitives9read_byteEv
                0x00001702       0x20 main.o
                0x00001702                hwlib::i2c_primitives::read_byte()
 .text._ZN5hwlib14i2c_primitives4readEbPhj
                0x00001722       0x36 main.o
                0x00001722                hwlib::i2c_primitives::read(bool, unsigned char*, unsigned int)
 .text._ZN5hwlib13terminal_from25cursor_set_implementationENS_2xyE
                0x00001758       0x28 main.o
                0x00001758                hwlib::terminal_from::cursor_set_implementation(hwlib::xy)
 .text._ZN5hwlib13terminal_from5clearEv
                0x00001780       0x30 main.o
                0x00001780                hwlib::terminal_from::clear()
 .text._ZN5hwlib13terminal_from5flushEv
                0x000017b0        0x8 main.o
                0x000017b0                hwlib::terminal_from::flush()
 .text._ZNK5hwlib16font_default_8x8ixEc
                0x000017b8       0x14 main.o
                0x000017b8                hwlib::font_default_8x8::operator[](char) const
 .text._ZN5hwlib29glcd_oled_i2c_128x64_buffered20write_implementationENS_2xyENS_5colorE
                0x000017cc       0x64 main.o
                0x000017cc                hwlib::glcd_oled_i2c_128x64_buffered::write_implementation(hwlib::xy, hwlib::color)
 .text._ZN3due6pin_oc4readEv
                0x00001830       0x10 main.o
                0x00001830                due::pin_oc::read()
 .text._ZN3due6pin_oc5writeEb
                0x00001840       0x10 main.o
                0x00001840                due::pin_oc::write(bool)
 .text._ZN3due6pin_oc5flushEv
                0x00001850        0x2 main.o
                0x00001850                due::pin_oc::flush()
 .text._ZN3due6pin_oc7refreshEv
                0x00001852        0x2 main.o
                0x00001852                due::pin_oc::refresh()
 .text._ZN5hwlib8terminal4putcEc
                0x00001854       0xde main.o
                0x00001854                hwlib::terminal::putc(char)
 .text._ZN5hwlib26i2c_bus_bit_banged_scl_sda16wait_half_periodEv.isra.4
                0x00001932        0x6 main.o
 .text._ZN5hwlib26i2c_bus_bit_banged_scl_sda11write_startEv
                0x00001938       0x34 main.o
                0x00001938                hwlib::i2c_bus_bit_banged_scl_sda::write_start()
 .text._ZN5hwlib26i2c_bus_bit_banged_scl_sda10write_stopEv
                0x0000196c       0x60 main.o
                0x0000196c                hwlib::i2c_bus_bit_banged_scl_sda::write_stop()
 .text._ZN5hwlib26i2c_bus_bit_banged_scl_sda9write_bitEb
                0x000019cc       0x52 main.o
                0x000019cc                hwlib::i2c_bus_bit_banged_scl_sda::write_bit(bool)
 .text._ZN5hwlib26i2c_bus_bit_banged_scl_sda8read_bitEv
                0x00001a1e       0x68 main.o
                0x00001a1e                hwlib::i2c_bus_bit_banged_scl_sda::read_bit()
 .text.startup._ZN6writer4mainEv
                0x00001a86       0x56 main.o
                0x00001a86                writer::main()
 .text._ZN5hwlib21i2c_write_transactionC2ERNS_14i2c_primitivesEj
                0x00001adc       0x24 main.o
                0x00001adc                hwlib::i2c_write_transaction::i2c_write_transaction(hwlib::i2c_primitives&, unsigned int)
                0x00001adc                hwlib::i2c_write_transaction::i2c_write_transaction(hwlib::i2c_primitives&, unsigned int)
 .text._ZN5hwlib21i2c_write_transaction5writeEPKhj
                0x00001b00        0x8 main.o
                0x00001b00                hwlib::i2c_write_transaction::write(unsigned char const*, unsigned int)
 .text._ZN5hwlib21i2c_write_transactionD2Ev
                0x00001b08       0x18 main.o
                0x00001b08                hwlib::i2c_write_transaction::~i2c_write_transaction()
                0x00001b08                hwlib::i2c_write_transaction::~i2c_write_transaction()
 .text._ZN5hwlib6window5writeENS_2xyERKNS_5imageE
                0x00001b20       0xdc main.o
                0x00001b20                hwlib::window::write(hwlib::xy, hwlib::image const&)
 .text._ZN5hwlib13terminal_from19putc_implementationEc
                0x00001bfc       0x2e main.o
                0x00001bfc                hwlib::terminal_from::putc_implementation(char)
 *fill*         0x00001c2a        0x2 
 .text._ZN5hwlib13terminal_fromC2ERNS_6windowERKNS_4fontE
                0x00001c2c       0x58 main.o
                0x00001c2c                hwlib::terminal_from::terminal_from(hwlib::window&, hwlib::font const&)
                0x00001c2c                hwlib::terminal_from::terminal_from(hwlib::window&, hwlib::font const&)
 .text._ZN5hwlib11ssd1306_i2c7commandENS_16ssd1306_commandsEhh
                0x00001c84       0x3c main.o
                0x00001c84                hwlib::ssd1306_i2c::command(hwlib::ssd1306_commands, unsigned char, unsigned char)
 .text._ZN5hwlib29glcd_oled_i2c_128x64_buffered5flushEv
                0x00001cc0       0x58 main.o
                0x00001cc0                hwlib::glcd_oled_i2c_128x64_buffered::flush()
 .text._ZN3due6pin_ocC2ENS_4pinsE
                0x00001d18       0x34 main.o
                0x00001d18                due::pin_oc::pin_oc(due::pins)
                0x00001d18                due::pin_oc::pin_oc(due::pins)
 .text._ZN4rtos9task_baseD2Ev
                0x00001d4c       0x30 main.o
                0x00001d4c                rtos::task_base::~task_base()
                0x00001d4c                rtos::task_base::~task_base()
 .text._ZN4rtos4taskILi4096EEC2EPKc
                0x00001d7c       0x58 main.o
                0x00001d7c                rtos::task<4096>::task(char const*)
                0x00001d7c                rtos::task<4096>::task(char const*)
 .text.startup.main
                0x00001dd4      0x1c0 main.o
                0x00001dd4                main
 .text.__startup
                0x00001f94       0x48 bmptk_cortex.o
                0x00001f94                __startup
 .text.__cxa_pure_virtual
                0x00001fdc        0x2 bmptk_cortex.o
                0x00001fdc                __cxa_pure_virtual
 *fill*         0x00001fde        0x2 
 .text.malloc   0x00001fe0       0x24 bmptk_heap_bmptk.o
                0x00001fe0                malloc
 .text          0x00002004       0xa0 c:/program files (x86)/gnu tools arm embedded/7 2017-q4-major/bin/../lib/gcc/arm-none-eabi/7.2.1/thumb/v7-m\libgcc.a(_aeabi_ldivmod.o)
                0x00002004                __aeabi_ldivmod
 .text          0x000020a4       0x30 c:/program files (x86)/gnu tools arm embedded/7 2017-q4-major/bin/../lib/gcc/arm-none-eabi/7.2.1/thumb/v7-m\libgcc.a(_aeabi_uldivmod.o)
                0x000020a4                __aeabi_uldivmod
 .text          0x000020d4      0x2d0 c:/program files (x86)/gnu tools arm embedded/7 2017-q4-major/bin/../lib/gcc/arm-none-eabi/7.2.1/thumb/v7-m\libgcc.a(_udivmoddi4.o)
                0x000020d4                __udivmoddi4
 .text          0x000023a4        0x4 c:/program files (x86)/gnu tools arm embedded/7 2017-q4-major/bin/../lib/gcc/arm-none-eabi/7.2.1/thumb/v7-m\libgcc.a(_dvmd_tls.o)
                0x000023a4                __aeabi_ldiv0
                0x000023a8                . = ALIGN (0x4)
 *(.glue_7t .glue_7)
 .glue_7        0x000023a8        0x0 linker stubs
 .glue_7t       0x000023a8        0x0 linker stubs
                0x000023a8                . = ALIGN (0x4)
 *(.rodata .rodata.* .gnu.linkonce.r.*)
 .rodata._ZN3due8pin_infoENS_4pinsE.str1.1
                0x000023a8       0x33 coroutine.o
 .rodata._ZZN3due8pin_infoENS_4pinsEE14pin_info_array
                0x000023db       0xa4 coroutine.o
 *fill*         0x0000247f        0x1 
 .rodata._ZTVN4rtos8waitableE
                0x00002480        0xc rtos.o
                0x00002480                vtable for rtos::waitable
 .rodata._ZTVN4rtos8callbackE
                0x0000248c       0x10 rtos.o
                0x0000248c                vtable for rtos::callback
 .rodata._Z15task_trampolinev.str1.1
                0x0000249c       0x2e rtos.o
 .rodata._ZN4rtos12waitable_set17waitable_allocateEv.str1.1
                0x000024ca       0x1b rtos.o
 .rodata._ZN4rtos3addEPNS_9task_baseE.str1.1
                0x000024e5       0x2e rtos.o
 .rodata._ZN4rtos4beatEv.str1.1
                0x00002513       0x3e rtos.o
 .rodata._ZN4rtos5mutex6signalEv.str1.1
                0x00002551       0x21 rtos.o
 .rodata._ZN4rtos5printERN5hwlib7ostreamE.str1.1
                0x00002572       0x83 rtos.o
 .rodata._ZN4rtos9task_base5blockEv.str1.1
                0x000025f5       0x49 rtos.o
                                 0x4b (size before relaxing)
 .rodata._ZN4rtos9task_baseC2ER9coroutineILl0EEjPKc.str1.1
                0x0000263e        0x8 rtos.o
 .rodata._ZNK4rtos12channel_base5printERN5hwlib7ostreamEb.str1.1
                0x00002646       0x23 rtos.o
 .rodata._ZNK4rtos12mailbox_base5printERN5hwlib7ostreamEb.str1.1
                0x00002669       0x1b rtos.o
 .rodata._ZNK4rtos4flag5printERN5hwlib7ostreamEb.str1.1
                0x00002684       0x1e rtos.o
 .rodata._ZNK4rtos5clock5printERN5hwlib7ostreamEb.str1.1
                0x000026a2       0x1d rtos.o
 .rodata._ZNK4rtos5mutex5printERN5hwlib7ostreamEb.str1.1
                0x000026bf       0x29 rtos.o
 .rodata._ZNK4rtos5timer5printERN5hwlib7ostreamEb.str1.1
                0x000026e8       0x13 rtos.o
 .rodata._ZNK4rtos9pool_base5printERN5hwlib7ostreamEb.str1.1
                0x000026fb       0x10 rtos.o
 .rodata._ZNK4rtos9task_base5printERN5hwlib7ostreamEb.str1.1
                0x0000270b       0x39 rtos.o
 .rodata._ZTVN4rtos5timerE
                0x00002744       0x24 rtos.o
                0x00002744                vtable for rtos::timer
 .rodata._ZTVN4rtos9task_baseE
                0x00002768       0x14 rtos.o
                0x00002768                vtable for rtos::task_base
 .rodata._ZTVN5hwlib20cout_using_uart_putcE
                0x0000277c       0x10 hwlib.o
                0x0000277c                vtable for hwlib::cout_using_uart_putc
 .rodata._ZTVN5hwlib9image_8x8E
                0x0000278c        0xc hwlib.o
                0x0000278c                vtable for hwlib::image_8x8
 .rodata._ZTVN5hwlib14image_invert_tE
                0x00002798        0xc hwlib.o
                0x00002798                vtable for hwlib::image_invert_t
 .rodata._ZTVN5hwlib13window_part_tE
                0x000027a4       0x18 hwlib.o
                0x000027a4                vtable for hwlib::window_part_t
 .rodata._ZN5hwlib16font_default_8x86imagesE
                0x000027bc      0xa00 hwlib.o
                0x000027bc                hwlib::font_default_8x8::images
 .rodata._ZN5hwlibL5blackE
                0x000031bc        0x4 hwlib.o
 .rodata._ZN5hwlibL5whiteE
                0x000031c0        0x4 hwlib.o
 .rodata._ZTVN5hwlib26i2c_bus_bit_banged_scl_sdaE
                0x000031c4       0x34 main.o
                0x000031c4                vtable for hwlib::i2c_bus_bit_banged_scl_sda
 .rodata._ZTVN5hwlib13terminal_fromE
                0x000031f8       0x20 main.o
                0x000031f8                vtable for hwlib::terminal_from
 .rodata._ZTVN5hwlib16font_default_8x8E
                0x00003218        0xc main.o
                0x00003218                vtable for hwlib::font_default_8x8
 .rodata._ZTVN5hwlib29glcd_oled_i2c_128x64_bufferedE
                0x00003224       0x18 main.o
                0x00003224                vtable for hwlib::glcd_oled_i2c_128x64_buffered
 .rodata._ZTVN3due6pin_ocE
                0x0000323c       0x18 main.o
                0x0000323c                vtable for due::pin_oc
 .rodata._ZTVN4rtos4taskILi4096EEE
                0x00003254       0x14 main.o
                0x00003254                vtable for rtos::task<4096>
 .rodata._ZTV6writer
                0x00003268       0x14 main.o
                0x00003268                vtable for writer
 .rodata._ZN4rtos9task_baseD2Ev.str1.1
                0x0000327c       0x17 main.o
                                 0x2b (size before relaxing)
 .rodata._ZN5hwlibL11unspecifiedE
                0x00003293        0x4 main.o
 .rodata._ZN5hwlibL22ssd1306_initializationE
                0x00003297       0x29 main.o
 .rodata.main.str1.1
                0x000032c0       0x29 main.o
                0x000032ec                . = ALIGN (0x4)
 *fill*         0x000032e9        0x3 
 *(.ARM.extab* .gnu.linkonce.armextab.*)
                0x000032ec                . = ALIGN (0x4)
 *(.gcc_except_table)
                0x000032ec                . = ALIGN (0x4)
 *(.eh_frame_hdr)
                0x000032ec                . = ALIGN (0x4)
 *(.eh_frame)
                0x000032ec                . = ALIGN (0x4)
                0x000032ec                __text_end = .
                [!provide]                PROVIDE (__text_end, __text_end)

.vfp11_veneer   0x000032ec        0x0
 .vfp11_veneer  0x000032ec        0x0 linker stubs

.v4_bx          0x000032ec        0x0
 .v4_bx         0x000032ec        0x0 linker stubs

.iplt           0x000032ec        0x0
 .iplt          0x000032ec        0x0 coroutine.o

.IF_YOU_SEE_THIS_YOU_HAVE_ONE_OR_MORE_GLOBAL_OBJECT_CONSTRUCTORS
 *(.init)
 *(.preinit_array)
 *(SORT_BY_NAME(.init_array.*))
 *(.init_array)
                0x000032ec                . = ALIGN (0x4)
                0x000032ec                __exidx_start = .
                [!provide]                PROVIDE (__exidx_start, __exidx_start)

.ARM.exidx      0x000032ec        0x8
 *(.ARM.exidx* .gnu.linkonce.armexidx.*)
 .ARM.exidx     0x000032ec        0x8 c:/program files (x86)/gnu tools arm embedded/7 2017-q4-major/bin/../lib/gcc/arm-none-eabi/7.2.1/thumb/v7-m\libgcc.a(_udivmoddi4.o)

.rel.dyn        0x000032f4        0x0
 .rel.iplt      0x000032f4        0x0 coroutine.o
                0x000032f4                . = ALIGN (0x4)
                0x000032f4                __exidx_end = .
                [!provide]                PROVIDE (__exidx_end, __exidx_end)

.bss            0x20000000    0x1405c
                0x20000000                . = ALIGN (0x4)
                0x20000000                __stack_start = .
                [!provide]                PROVIDE (__stack_start, __stack_start)
                0x20000000                . = ALIGN (0x4)
 *(.bmptk_stack)
 .bmptk_stack   0x20000000    0x14000 bmptk_fixed_size_stack.o
                0x20000000                bmptk_stack
                0x20014000                . = ALIGN (0x8)
                0x20014000                __main_stack_end = .
                [!provide]                PROVIDE (__main_stack_end, __main_stack_end)
                0x20014000                . = ALIGN (0x4)
                0x20014000                __stack_end = .
                [!provide]                PROVIDE (__stack_end, __stack_end)
                0x20014000                . = ALIGN (0x4)
                0x20014000                __bss_start = .
                [!provide]                PROVIDE (__bss_start, __bss_start)
                0x20014000                . = ALIGN (0x4)
 *(.bss .bss.* .gnu.linkonce.b.*)
 .bss._ZN17coroutine_context7main_spE
                0x20014000        0x4 coroutine.o
                0x20014000                coroutine_context::main_sp
 *fill*         0x20014004        0x4 
 .bss._ZZN3due9now_ticksEvE4high
                0x20014008        0x8 coroutine.o
 .bss._ZZN3due9now_ticksEvE8last_low
                0x20014010        0x4 coroutine.o
 .bss._ZZN3due9now_ticksEvE9init_done
                0x20014014        0x1 coroutine.o
 .bss._ZN4rtos10must_clearE
                0x20014015        0x1 rtos.o
                0x20014015                rtos::must_clear
 *fill*         0x20014016        0x2 
 .bss._ZN4rtos17rtos_current_taskE
                0x20014018        0x4 rtos.o
                0x20014018                rtos::rtos_current_task
 .bss._ZN4rtos17scheduler_runningE
                0x2001401c        0x1 rtos.o
                0x2001401c                rtos::scheduler_running
 *fill*         0x2001401d        0x3 
 .bss._ZN4rtos5flagsE
                0x20014020        0x4 rtos.o
                0x20014020                rtos::flags
 .bss._ZN4rtos5poolsE
                0x20014024        0x4 rtos.o
                0x20014024                rtos::pools
 .bss._ZN4rtos6clocksE
                0x20014028        0x4 rtos.o
                0x20014028                rtos::clocks
 .bss._ZN4rtos6timersE
                0x2001402c        0x4 rtos.o
                0x2001402c                rtos::timers
 .bss._ZN4rtos7mutexesE
                0x20014030        0x4 rtos.o
                0x20014030                rtos::mutexes
 .bss._ZN4rtos8channelsE
                0x20014034        0x4 rtos.o
                0x20014034                rtos::channels
 .bss._ZN4rtos8taskListE
                0x20014038        0x4 rtos.o
                0x20014038                rtos::taskList
 .bss._ZN4rtos9mailboxesE
                0x2001403c        0x4 rtos.o
                0x2001403c                rtos::mailboxes
 .bss._ZN4rtos9timerListE
                0x20014040        0x4 rtos.o
                0x20014040                rtos::timerList
 *fill*         0x20014044        0x4 
 .bss.last_run_time
                0x20014048        0x8 rtos.o
                0x20014048                last_run_time
 .bss._ZN5hwlib10background5firstE
                0x20014050        0x4 hwlib.o
                0x20014050                hwlib::background::first
 .bss._ZN5hwlib10background7currentE
                0x20014054        0x4 hwlib.o
                0x20014054                hwlib::background::current
 .bss._ZN5hwlib10background7runningE
                0x20014058        0x1 hwlib.o
                0x20014058                hwlib::background::running
 .bss._ZZN3due9uart_initEvE9init_done
                0x20014059        0x1 hwlib.o
                0x2001405c                . = ALIGN (0x4)
 *fill*         0x2001405a        0x2 
 *(COMMON)
                0x2001405c                . = ALIGN (0x4)
                0x2001405c                __bss_end = .
                [!provide]                PROVIDE (__bss_end, __bss_end)

.data           0x2001405c       0x28 load address 0x000032f4
                0x2001405c                . = ALIGN (0x4)
                0x000032f4                __data_init_start = LOADADDR (.data)
                [!provide]                PROVIDE (__data_init_start, __data_init_start)
                0x2001405c                __data_start = .
                [!provide]                PROVIDE (__data_start, __data_start)
                0x2001405c                . = ALIGN (0x4)
 *(.data .data.* .gnu.linkonce.d.*)
 .data._ZN17coroutine_context24current_coroutine_sp_ptrE
                0x2001405c        0x4 coroutine.o
                0x2001405c                coroutine_context::current_coroutine_sp_ptr
 .data._ZN6sam3xa15SystemCoreClockE
                0x20014060        0x4 coroutine.o
                0x20014060                sam3xa::SystemCoreClock
 .data._ZN3due7hw_uartE
                0x20014064        0x4 hwlib.o
                0x20014064                due::hw_uart
 .data._ZN5hwlib4coutE
                0x20014068       0x14 hwlib.o
                0x20014068                hwlib::cout
 .data._first_free
                0x2001407c        0x4 bmptk_heap_bmptk.o
                0x2001407c                _first_free
 .data._last_free
                0x20014080        0x4 bmptk_heap_bmptk.o
                0x20014080                _last_free
                0x20014084                . = ALIGN (0x4)
                0x20014084                __data_end = .
                [!provide]                PROVIDE (__data_end, __data_end)
                0x000032f4                __data_init_end = LOADADDR (.data)
                [!provide]                PROVIDE (__data_init_end, __data_init_end)
                0x00000028                PROVIDE (__data_size, (__data_end - __data_start))
                0x00000028                PROVIDE (__data_init_size, __data_size)
                [!provide]                PROVIDE (__data_init_end, (__data_init_start + __data_init_size))

.igot.plt       0x20014084        0x0 load address 0x0000331c
 .igot.plt      0x20014084        0x0 coroutine.o
                0x20014084                . = ALIGN (0x4)
                0x20014084                __heap_start = .
                [!provide]                PROVIDE (__heap_start, __heap_start)
                0x20014084                . = ALIGN (0x4)
                0x20018000                __heap_end = __ram_end
                [!provide]                PROVIDE (__heap_end, __heap_end)

.stab
 *(.stab)

.stabstr
 *(.stabstr)

.debug
 *(.debug)

.line
 *(.line)

.debug_srcinfo
 *(.debug_srcinfo)

.debug_sfnames
 *(.debug_sfnames)

.debug_aranges
 *(.debug_aranges)

.debug_pubnames
 *(.debug_pubnames)

.debug_info
 *(.debug_info .gnu.linkonce.wi.*)

.debug_abbrev
 *(.debug_abbrev)

.debug_line
 *(.debug_line)

.debug_frame    0x00000000       0xa4
 *(.debug_frame)
 .debug_frame   0x00000000       0x44 c:/program files (x86)/gnu tools arm embedded/7 2017-q4-major/bin/../lib/gcc/arm-none-eabi/7.2.1/thumb/v7-m\libgcc.a(_aeabi_ldivmod.o)
 .debug_frame   0x00000044       0x2c c:/program files (x86)/gnu tools arm embedded/7 2017-q4-major/bin/../lib/gcc/arm-none-eabi/7.2.1/thumb/v7-m\libgcc.a(_aeabi_uldivmod.o)
 .debug_frame   0x00000070       0x34 c:/program files (x86)/gnu tools arm embedded/7 2017-q4-major/bin/../lib/gcc/arm-none-eabi/7.2.1/thumb/v7-m\libgcc.a(_udivmoddi4.o)

.comment        0x00000000       0x7e
 .comment       0x00000000       0x7e coroutine.o
                                 0x7f (size before relaxing)
 .comment       0x0000007e       0x7f rtos.o
 .comment       0x0000007e       0x7f hwlib.o
 .comment       0x0000007e       0x7f main.o
 .comment       0x0000007e       0x7f bmptk_cortex.o
 .comment       0x0000007e       0x7f bmptk_heap_bmptk.o
 .comment       0x0000007e       0x7f bmptk_fixed_size_stack.o

.debug_str
 *(.debug_str)

.debug_loc
 *(.debug_loc)

.debug_macinfo
 *(.debug_macinfo)

.debug_weaknames
 *(.debug_weaknames)

.debug_funcnames
 *(.debug_funcnames)

.debug_typenames
 *(.debug_typenames)

.debug_varnames
 *(.debug_varnames)

.note.gnu.arm.ident
 *(.note.gnu.arm.ident)

.ARM.attributes
                0x00000000       0x2f
 *(.ARM.attributes)
 .ARM.attributes
                0x00000000       0x21 switch_to.o
 .ARM.attributes
                0x00000021       0x33 coroutine.o
 .ARM.attributes
                0x00000054       0x33 rtos.o
 .ARM.attributes
                0x00000087       0x33 hwlib.o
 .ARM.attributes
                0x000000ba       0x33 main.o
 .ARM.attributes
                0x000000ed       0x33 bmptk_cortex.o
 .ARM.attributes
                0x00000120       0x33 bmptk_heap_bmptk.o
 .ARM.attributes
                0x00000153       0x33 bmptk_fixed_size_stack.o
 .ARM.attributes
                0x00000186       0x1d c:/program files (x86)/gnu tools arm embedded/7 2017-q4-major/bin/../lib/gcc/arm-none-eabi/7.2.1/thumb/v7-m\libgcc.a(_aeabi_ldivmod.o)
 .ARM.attributes
                0x000001a3       0x1d c:/program files (x86)/gnu tools arm embedded/7 2017-q4-major/bin/../lib/gcc/arm-none-eabi/7.2.1/thumb/v7-m\libgcc.a(_aeabi_uldivmod.o)
 .ARM.attributes
                0x000001c0       0x2d c:/program files (x86)/gnu tools arm embedded/7 2017-q4-major/bin/../lib/gcc/arm-none-eabi/7.2.1/thumb/v7-m\libgcc.a(_udivmoddi4.o)
 .ARM.attributes
                0x000001ed       0x1d c:/program files (x86)/gnu tools arm embedded/7 2017-q4-major/bin/../lib/gcc/arm-none-eabi/7.2.1/thumb/v7-m\libgcc.a(_dvmd_tls.o)

/DISCARD/
 *(.note.GNU-stack)
                [!provide]                PROVIDE (__text_size, (__text_end - __text_start))
                [!provide]                PROVIDE (__exidx_size, (__exidx_end - __exidx_start))
                [!provide]                PROVIDE (__bss_size, (__bss_end - __bss_start))
                [!provide]                PROVIDE (__stack_size, (__stack_end - __stack_start))
                [!provide]                PROVIDE (__heap_size, (__heap_end - __heap_start))
OUTPUT(main.elf elf32-littlearm)
